BL51 BANKED LINKER/LOCATER V6.22.2.0                                                    12/05/2019  17:28:49  PAGE 1


BL51 BANKED LINKER/LOCATER V6.22.2.0, INVOKED BY:
C:\KEIL_V5\C51\BIN\BL51.EXE .\Objects\test.obj TO .\Objects\test PRINT (.\Listings\test.m51)


INPUT MODULES INCLUDED:
  .\Objects\test.obj (TEST)


LINK MAP OF MODULE:  .\Objects\test (TEST)


            TYPE    BASE      LENGTH    RELOCATION   SEGMENT NAME
            -----------------------------------------------------

            * * * * * * *   D A T A   M E M O R Y   * * * * * * *
            REG     0000H     0008H     ABSOLUTE     "REG BANK 0"

            * * * * * * *   C O D E   M E M O R Y   * * * * * * *
            CODE    0000H     0031H     ABSOLUTE     



SYMBOL TABLE OF MODULE:  .\Objects\test (TEST)

  VALUE           TYPE          NAME
  ----------------------------------

  -------         MODULE        TEST
  C:001CH         SYMBOL        BACK
  C:001AH         SYMBOL        DELAY
  C:0027H         SYMBOL        L1
  C:0000H         SYMBOL        MAIN
  D:00A0H         SYMBOL        P2
  D:0088H         SYMBOL        TCON
  D:008CH         SYMBOL        TH0
  D:008AH         SYMBOL        TL0
  D:0089H         SYMBOL        TMOD
  C:0000H         LINE#         2
  C:0002H         LINE#         3
  C:0004H         LINE#         4
  C:0006H         LINE#         5
  C:0008H         LINE#         6
  C:000AH         LINE#         7
  C:000CH         LINE#         8
  C:000EH         LINE#         9
  C:0010H         LINE#         10
  C:0012H         LINE#         11
  C:0014H         LINE#         12
  C:0016H         LINE#         13
  C:0018H         LINE#         14
  C:001AH         LINE#         16
  C:001CH         LINE#         18
  C:001FH         LINE#         19
  C:0022H         LINE#         20
  C:0025H         LINE#         21
  C:0027H         LINE#         22
  C:002AH         LINE#         23
  C:002CH         LINE#         24
BL51 BANKED LINKER/LOCATER V6.22.2.0                                                  12/05/2019  17:28:49  PAGE 2


  C:002EH         LINE#         25
  C:0030H         LINE#         26
  -------         ENDMOD        TEST

******************************************************************************
* RESTRICTED VERSION WITH 0800H BYTE CODE SIZE LIMIT; USED: 0031H BYTE ( 2%) *
******************************************************************************

Program Size: data=8.0 xdata=0 code=49
LINK/LOCATE RUN COMPLETE.  0 WARNING(S),  0 ERROR(S)
